AR led_driver behavioral /home/paul/Documents/Laboratory_reports/PUR/PUR_Project/PUR_Project/Gateware/led_driver.vhd sub00/vhpl21 1564939981
EN pblaze3_uart NULL /home/paul/Documents/Laboratory_reports/PUR/PUR_Project/PUR_Project/Gateware/pBlaze3_uart.vhd sub00/vhpl18 1564939978
AR clk_div behavioral /home/paul/Documents/Laboratory_reports/PUR/PUR_Project/PUR_Project/clk_div.vhd sub00/vhpl15 1564939975
AR pwm_counter behavioral /home/paul/Documents/Laboratory_reports/PUR/PUR_Project/PUR_Project/Gateware/pwm_counter.vhd sub00/vhpl23 1564939983
AR bbfifo_16x8 low_level_definition /home/paul/Documents/Laboratory_reports/PUR/PUR_Project/PUR_Project/Gateware/bbfifo_16x8.vhd sub00/vhpl03 1564939963
AR uart_tx macro_level_definition /home/paul/Documents/Laboratory_reports/PUR/PUR_Project/PUR_Project/Gateware/uart_tx.vhd sub00/vhpl09 1564939969
AR pblaze3_uart behavioral /home/paul/Documents/Laboratory_reports/PUR/PUR_Project/PUR_Project/Gateware/pBlaze3_uart.vhd sub00/vhpl19 1564939979
EN led8a_driver NULL /home/paul/Documents/Laboratory_reports/PUR/PUR_Project/PUR_Project/Gateware/led8a_driver.vhd sub00/vhpl24 1564939984
AR kcuart_tx low_level_definition /home/paul/Documents/Laboratory_reports/PUR/PUR_Project/PUR_Project/Gateware/kcuart_tx.vhd sub00/vhpl05 1564939965
EN top NULL /home/paul/Documents/Laboratory_reports/PUR/PUR_Project/PUR_Project/Gateware/top.vhd sub00/vhpl26 1564939986
AR baud_generator behavioral /home/paul/Documents/Laboratory_reports/PUR/PUR_Project/PUR_Project/Gateware/baud_generator.vhd sub00/vhpl17 1564939977
AR kcuart_rx low_level_definition /home/paul/Documents/Laboratory_reports/PUR/PUR_Project/PUR_Project/Gateware/kcuart_rx.vhd sub00/vhpl01 1564939961
EN kcuart_rx NULL /home/paul/Documents/Laboratory_reports/PUR/PUR_Project/PUR_Project/Gateware/kcuart_rx.vhd sub00/vhpl00 1564939960
EN kcuart_tx NULL /home/paul/Documents/Laboratory_reports/PUR/PUR_Project/PUR_Project/Gateware/kcuart_tx.vhd sub00/vhpl04 1564939964
EN kcpsm3 NULL /home/paul/Documents/Laboratory_reports/PUR/PUR_Project/PUR_Project/Gateware/kcpsm3.vhd sub00/vhpl10 1564939970
EN bbfifo_16x8 NULL /home/paul/Documents/Laboratory_reports/PUR/PUR_Project/PUR_Project/Gateware/bbfifo_16x8.vhd sub00/vhpl02 1564939962
EN pwm_counter NULL /home/paul/Documents/Laboratory_reports/PUR/PUR_Project/PUR_Project/Gateware/pwm_counter.vhd sub00/vhpl22 1564939982
EN uart_kcpsm3 NULL /home/paul/Documents/Laboratory_reports/PUR/PUR_Project/PUR_Project/Software/uart_kcpsm3.vhd sub00/vhpl12 1564939972
AR uart_rx macro_level_definition /home/paul/Documents/Laboratory_reports/PUR/PUR_Project/PUR_Project/Gateware/uart_rx.vhd sub00/vhpl07 1564939967
AR led8a_driver behavioral /home/paul/Documents/Laboratory_reports/PUR/PUR_Project/PUR_Project/Gateware/led8a_driver.vhd sub00/vhpl25 1564939985
EN clk_div NULL /home/paul/Documents/Laboratory_reports/PUR/PUR_Project/PUR_Project/clk_div.vhd sub00/vhpl14 1564939974
EN uart_rx NULL /home/paul/Documents/Laboratory_reports/PUR/PUR_Project/PUR_Project/Gateware/uart_rx.vhd sub00/vhpl06 1564939966
EN led_driver NULL /home/paul/Documents/Laboratory_reports/PUR/PUR_Project/PUR_Project/Gateware/led_driver.vhd sub00/vhpl20 1564939980
EN baud_generator NULL /home/paul/Documents/Laboratory_reports/PUR/PUR_Project/PUR_Project/Gateware/baud_generator.vhd sub00/vhpl16 1564939976
AR top behavioral /home/paul/Documents/Laboratory_reports/PUR/PUR_Project/PUR_Project/Gateware/top.vhd sub00/vhpl27 1564939987
AR kcpsm3 low_level_definition /home/paul/Documents/Laboratory_reports/PUR/PUR_Project/PUR_Project/Gateware/kcpsm3.vhd sub00/vhpl11 1564939971
EN uart_tx NULL /home/paul/Documents/Laboratory_reports/PUR/PUR_Project/PUR_Project/Gateware/uart_tx.vhd sub00/vhpl08 1564939968
AR uart_kcpsm3 low_level_definition /home/paul/Documents/Laboratory_reports/PUR/PUR_Project/PUR_Project/Software/uart_kcpsm3.vhd sub00/vhpl13 1564939973
