AR uart_clock behavioral /home/paul/Documents/Laboratory_reports/PUR/PUR_Project/PUR_Project/uart_clock.vhd sub00/vhpl17 1560683007
EN uart_clock NULL /home/paul/Documents/Laboratory_reports/PUR/PUR_Project/PUR_Project/uart_clock.vhd sub00/vhpl16 1560683006
AR clk_div behavioral /home/paul/Documents/Laboratory_reports/PUR/PUR_Project/PUR_Project/clk_div.vhd sub00/vhpl15 1560683005
AR bbfifo_16x8 low_level_definition /home/paul/Documents/Laboratory_reports/PUR/PUR_Project/PUR_Project/bbfifo_16x8.vhd sub00/vhpl03 1560682993
AR uclock low_level_definition /home/paul/Documents/Laboratory_reports/PUR/PUR_Project/PUR_Project/Software/uclock.vhd sub00/vhpl09 1560682999
AR uart_tx macro_level_definition /home/paul/Documents/Laboratory_reports/PUR/PUR_Project/PUR_Project/uart_tx.vhd sub00/vhpl11 1560683001
AR kcuart_tx low_level_definition /home/paul/Documents/Laboratory_reports/PUR/PUR_Project/PUR_Project/kcuart_tx.vhd sub00/vhpl05 1560682995
EN uclock NULL /home/paul/Documents/Laboratory_reports/PUR/PUR_Project/PUR_Project/Software/uclock.vhd sub00/vhpl08 1560682998
EN top NULL /home/paul/Documents/Laboratory_reports/PUR/PUR_Project/PUR_Project/top.vhd sub00/vhpl18 1560683008
AR kcuart_rx low_level_definition /home/paul/Documents/Laboratory_reports/PUR/PUR_Project/PUR_Project/kcuart_rx.vhd sub00/vhpl01 1560682991
EN kcuart_rx NULL /home/paul/Documents/Laboratory_reports/PUR/PUR_Project/PUR_Project/kcuart_rx.vhd sub00/vhpl00 1560682990
EN kcuart_tx NULL /home/paul/Documents/Laboratory_reports/PUR/PUR_Project/PUR_Project/kcuart_tx.vhd sub00/vhpl04 1560682994
EN kcpsm3 NULL /home/paul/Documents/Laboratory_reports/PUR/PUR_Project/PUR_Project/kcpsm3.vhd sub00/vhpl06 1560682996
EN bbfifo_16x8 NULL /home/paul/Documents/Laboratory_reports/PUR/PUR_Project/PUR_Project/bbfifo_16x8.vhd sub00/vhpl02 1560682992
AR uart_rx macro_level_definition /home/paul/Documents/Laboratory_reports/PUR/PUR_Project/PUR_Project/uart_rx.vhd sub00/vhpl13 1560683003
EN clk_div NULL /home/paul/Documents/Laboratory_reports/PUR/PUR_Project/PUR_Project/clk_div.vhd sub00/vhpl14 1560683004
EN uart_rx NULL /home/paul/Documents/Laboratory_reports/PUR/PUR_Project/PUR_Project/uart_rx.vhd sub00/vhpl12 1560683002
AR top behavioral /home/paul/Documents/Laboratory_reports/PUR/PUR_Project/PUR_Project/top.vhd sub00/vhpl19 1560683009
AR kcpsm3 low_level_definition /home/paul/Documents/Laboratory_reports/PUR/PUR_Project/PUR_Project/kcpsm3.vhd sub00/vhpl07 1560682997
EN uart_tx NULL /home/paul/Documents/Laboratory_reports/PUR/PUR_Project/PUR_Project/uart_tx.vhd sub00/vhpl10 1560683000
