AR uart_clock behavioral /home/paul/Documents/Laboratory_reports/PUR/PUR_Project/PUR_Project/uart_clock.vhd sub00/vhpl17 1560683007
EN uart_clock NULL /home/paul/Documents/Laboratory_reports/PUR/PUR_Project/PUR_Project/uart_clock.vhd sub00/vhpl16 1560683006
EN pblaze3_uart NULL /home/paul/Documents/Laboratory_reports/PUR/PUR_Project/PUR_Project/pBlaze3_uart.vhd sub00/vhpl20 1560897361
AR clk_div behavioral /home/paul/Documents/Laboratory_reports/PUR/PUR_Project/PUR_Project/clk_div.vhd sub00/vhpl15 1560897360
AR bbfifo_16x8 low_level_definition /home/paul/Documents/Laboratory_reports/PUR/PUR_Project/PUR_Project/bbfifo_16x8.vhd sub00/vhpl03 1560897348
AR uclock low_level_definition /home/paul/Documents/Laboratory_reports/PUR/PUR_Project/PUR_Project/Software/uclock.vhd sub00/vhpl09 1560897356
AR uart_tx macro_level_definition /home/paul/Documents/Laboratory_reports/PUR/PUR_Project/PUR_Project/uart_tx.vhd sub00/vhpl11 1560897358
AR pblaze3_uart behavioral /home/paul/Documents/Laboratory_reports/PUR/PUR_Project/PUR_Project/pBlaze3_uart.vhd sub00/vhpl21 1560897362
EN led8a_driver NULL /home/paul/Documents/Laboratory_reports/PUR/PUR_Project/PUR_Project/led8a_driver.vhd sub00/vhpl22 1560897363
AR kcuart_tx low_level_definition /home/paul/Documents/Laboratory_reports/PUR/PUR_Project/PUR_Project/kcuart_tx.vhd sub00/vhpl05 1560897350
EN uclock NULL /home/paul/Documents/Laboratory_reports/PUR/PUR_Project/PUR_Project/Software/uclock.vhd sub00/vhpl08 1560897355
EN top NULL /home/paul/Documents/Laboratory_reports/PUR/PUR_Project/PUR_Project/top.vhd sub00/vhpl18 1560897365
AR kcuart_rx low_level_definition /home/paul/Documents/Laboratory_reports/PUR/PUR_Project/PUR_Project/kcuart_rx.vhd sub00/vhpl01 1560897346
EN kcuart_rx NULL /home/paul/Documents/Laboratory_reports/PUR/PUR_Project/PUR_Project/kcuart_rx.vhd sub00/vhpl00 1560897345
EN kcuart_tx NULL /home/paul/Documents/Laboratory_reports/PUR/PUR_Project/PUR_Project/kcuart_tx.vhd sub00/vhpl04 1560897349
EN kcpsm3 NULL /home/paul/Documents/Laboratory_reports/PUR/PUR_Project/PUR_Project/kcpsm3.vhd sub00/vhpl06 1560897353
EN bbfifo_16x8 NULL /home/paul/Documents/Laboratory_reports/PUR/PUR_Project/PUR_Project/bbfifo_16x8.vhd sub00/vhpl02 1560897347
AR uart_rx macro_level_definition /home/paul/Documents/Laboratory_reports/PUR/PUR_Project/PUR_Project/uart_rx.vhd sub00/vhpl13 1560897352
AR led8a_driver behavioral /home/paul/Documents/Laboratory_reports/PUR/PUR_Project/PUR_Project/led8a_driver.vhd sub00/vhpl23 1560897364
EN clk_div NULL /home/paul/Documents/Laboratory_reports/PUR/PUR_Project/PUR_Project/clk_div.vhd sub00/vhpl14 1560897359
EN uart_rx NULL /home/paul/Documents/Laboratory_reports/PUR/PUR_Project/PUR_Project/uart_rx.vhd sub00/vhpl12 1560897351
AR top behavioral /home/paul/Documents/Laboratory_reports/PUR/PUR_Project/PUR_Project/top.vhd sub00/vhpl19 1560897366
AR kcpsm3 low_level_definition /home/paul/Documents/Laboratory_reports/PUR/PUR_Project/PUR_Project/kcpsm3.vhd sub00/vhpl07 1560897354
EN uart_tx NULL /home/paul/Documents/Laboratory_reports/PUR/PUR_Project/PUR_Project/uart_tx.vhd sub00/vhpl10 1560897357
